Microsoft Windows [Version 10.0.22631.4602]
Microsoft Windows [Version 10.0.22631.4602]
(c) Microsoft Corporation. All rights reserved.

C:\Users\flow2\Documents\作業\samurai_terakoya\課題>mkdir git_challenge

C:\Users\flow2\Documents\作業\samurai_terakoya\課題>cd git_challenge

C:\Users\flow2\Documents\作業\samurai_terakoya\課題\git_challenge>git init

C:\Users\flow2\Documents\作業\samurai_terakoya\課題\git_challenge>git commit -m "hello_world.txtを追加"
[main (root-commit) ca3308d] hello_world.txt繧定ｿｽ蜉
 1 file changed, 1 insertion(+)
 create mode 100644 hello_world.txt

C:\Users\flow2\Documents\作業\samurai_terakoya\課題\git_challenge>git log --oneline
ca3308d (HEAD -> main) hello_world.txtを追加

C:\Users\flow2\Documents\作業\samurai_terakoya\課題\git_challenge>git commit -m "日本語訳を追加"
On branch main
Changes not staged for commit:
  (use "git add <file>..." to update what will be committed)
  (use "git restore <file>..." to discard changes in working directory)
        modified:   hello_world.txt

no changes added to commit (use "git add" and/or "git commit -a")

C:\Users\flow2\Documents\作業\samurai_terakoya\課題\git_challenge>git log --oneline
ca3308d (HEAD -> main) hello_world.txtを追加

C:\Users\flow2\Documents\作業\samurai_terakoya\課題\git_challenge>git log --oneline
f18fabe (HEAD -> main) 日本語訳を追加
ca3308d hello_world.txtを追加